// Jest Snapshot v1, https://goo.gl/fbAQLP

exports[`<Header /> Renders component without crashing 1`] = `
<ContextConsumer>
  <Component />
</ContextConsumer>
`;
