// Jest Snapshot v1, https://goo.gl/fbAQLP

exports[`<Loader /> Renders component without crashing 1`] = `
<div>
  loading
</div>
`;
