// Jest Snapshot v1, https://goo.gl/fbAQLP

exports[`<Container /> Renders component without crashing 1`] = `
<div>
  <h1>
    Some content in here!
  </h1>
</div>
`;
