// Jest Snapshot v1, https://goo.gl/fbAQLP

exports[`<Redirect /> Renders component without crashing 1`] = `
<Route
  render={[Function]}
/>
`;
