// Jest Snapshot v1, https://goo.gl/fbAQLP

exports[`<NotFoundPage /> Renders component without crashing 1`] = `
<Connect(Component)
  pageName="NotFound"
>
  <HelmetWrapper
    defer={true}
    encodeSpecialCharacters={true}
  >
    <title>
      404: Page Not Found
    </title>
    <meta
      content="This is the About..."
      name="description"
    />
  </HelmetWrapper>
  <WithStyles(ForwardRef(Container))>
    <WithStyles(ForwardRef(Grid))
      container={true}
      spacing={2}
    >
      <WithStyles(ForwardRef(Grid))
        item={true}
      >
        <WithStyles(ForwardRef(Typography))
          variant="h6"
        >
          Whoops...
        </WithStyles(ForwardRef(Typography))>
        <WithStyles(ForwardRef(Typography))>
          Something went wrong, please check your url and try again!
        </WithStyles(ForwardRef(Typography))>
      </WithStyles(ForwardRef(Grid))>
    </WithStyles(ForwardRef(Grid))>
  </WithStyles(ForwardRef(Container))>
</Connect(Component)>
`;
